// Jest Snapshot v1, https://goo.gl/fbAQLP

exports[`navbar should render icons successfully 1`] = `
<RNCSafeAreaProvider
  onInsetsChange={[Function]}
  style={
    Array [
      Object {
        "flex": 1,
      },
      undefined,
    ]
  }
>
  <RNSScreenNavigationContainer
    style={
      Object {
        "flex": 1,
        "overflow": "hidden",
      }
    }
  >
    <RNSScreen
      activityState={2}
      collapsable={false}
      forwardedRef={[Function]}
      gestureResponseDistance={
        Object {
          "bottom": -1,
          "end": -1,
          "start": -1,
          "top": -1,
        }
      }
      style={
        Object {
          "bottom": 0,
          "left": 0,
          "position": "absolute",
          "right": 0,
          "top": 0,
          "zIndex": 0,
        }
      }
    >
      <View
        accessibilityElementsHidden={false}
        importantForAccessibility="auto"
        style={
          Array [
            Object {
              "backgroundColor": "rgb(242, 242, 242)",
              "flex": 1,
            },
            Array [
              Object {
                "flex": 1,
                "flexDirection": "column-reverse",
              },
              undefined,
            ],
          ]
        }
      >
        <View
          style={
            Object {
              "flex": 1,
            }
          }
        >
          <View
            accessibilityIgnoresInvertColors={true}
            style={
              Object {
                "flex": 1,
                "resizeMode": "cover",
              }
            }
          >
            <Image
              alt="view-of-london"
              source={1}
              style={
                Array [
                  Object {
                    "bottom": 0,
                    "left": 0,
                    "position": "absolute",
                    "right": 0,
                    "top": 0,
                  },
                  Object {
                    "height": undefined,
                    "width": undefined,
                  },
                  undefined,
                ]
              }
            />
          </View>
        </View>
      </View>
    </RNSScreen>
  </RNSScreenNavigationContainer>
  <View
    collapsable={false}
    onLayout={[Function]}
    pointerEvents="auto"
    style={
      Object {
        "backgroundColor": "#515151",
        "borderTopColor": "rgb(216, 216, 216)",
        "borderTopWidth": 0.5,
        "bottom": 0,
        "display": "flex",
        "elevation": 8,
        "height": 49,
        "left": 0,
        "paddingBottom": 0,
        "paddingHorizontal": 0,
        "position": null,
        "right": 0,
        "transform": Array [
          Object {
            "translateY": 0,
          },
        ],
      }
    }
  >
    <View
      pointerEvents="none"
      style={
        Object {
          "bottom": 0,
          "left": 0,
          "position": "absolute",
          "right": 0,
          "top": 0,
        }
      }
    />
    <View
      accessibilityRole="tablist"
      style={
        Object {
          "flex": 1,
          "flexDirection": "row",
        }
      }
    >
      <View
        accessibilityLabel=", tab, 1 of 3"
        accessibilityRole="button"
        accessibilityState={
          Object {
            "selected": true,
          }
        }
        accessibilityStates={
          Array [
            "selected",
          ]
        }
        accessible={true}
        collapsable={false}
        focusable={true}
        onBlur={[Function]}
        onClick={[Function]}
        onFocus={[Function]}
        onResponderGrant={[Function]}
        onResponderMove={[Function]}
        onResponderRelease={[Function]}
        onResponderTerminate={[Function]}
        onResponderTerminationRequest={[Function]}
        onStartShouldSetResponder={[Function]}
        style={
          Array [
            Object {
              "alignItems": "center",
              "flex": 1,
            },
            Object {
              "backgroundColor": "transparent",
            },
            Object {
              "flexDirection": "column",
              "justifyContent": "flex-end",
            },
            undefined,
          ]
        }
      >
        <View
          style={
            Array [
              Object {
                "flex": 1,
              },
              undefined,
            ]
          }
        >
          <View
            style={
              Array [
                Object {
                  "alignItems": "center",
                  "alignSelf": "center",
                  "height": "100%",
                  "justifyContent": "center",
                  "minWidth": 25,
                  "position": "absolute",
                  "width": "100%",
                },
                Object {
                  "opacity": 1,
                },
              ]
            }
          >
            <Text />
          </View>
          <View
            style={
              Array [
                Object {
                  "alignItems": "center",
                  "alignSelf": "center",
                  "height": "100%",
                  "justifyContent": "center",
                  "minWidth": 25,
                  "position": "absolute",
                  "width": "100%",
                },
                Object {
                  "opacity": 0,
                },
              ]
            }
          >
            <Text />
          </View>
        </View>
        <Text
          numberOfLines={1}
          style={
            Array [
              Object {
                "backgroundColor": "transparent",
                "textAlign": "center",
              },
              Object {
                "color": "#00C2FF",
              },
              Object {
                "fontSize": 10,
              },
              undefined,
            ]
          }
        />
      </View>
      <View
        accessibilityLabel=", tab, 2 of 3"
        accessibilityRole="button"
        accessibilityState={
          Object {
            "selected": false,
          }
        }
        accessibilityStates={Array []}
        accessible={true}
        collapsable={false}
        focusable={true}
        onBlur={[Function]}
        onClick={[Function]}
        onFocus={[Function]}
        onResponderGrant={[Function]}
        onResponderMove={[Function]}
        onResponderRelease={[Function]}
        onResponderTerminate={[Function]}
        onResponderTerminationRequest={[Function]}
        onStartShouldSetResponder={[Function]}
        style={
          Array [
            Object {
              "alignItems": "center",
              "flex": 1,
            },
            Object {
              "backgroundColor": "transparent",
            },
            Object {
              "flexDirection": "column",
              "justifyContent": "flex-end",
            },
            undefined,
          ]
        }
      >
        <View
          style={
            Array [
              Object {
                "flex": 1,
              },
              undefined,
            ]
          }
        >
          <View
            style={
              Array [
                Object {
                  "alignItems": "center",
                  "alignSelf": "center",
                  "height": "100%",
                  "justifyContent": "center",
                  "minWidth": 25,
                  "position": "absolute",
                  "width": "100%",
                },
                Object {
                  "opacity": 0,
                },
              ]
            }
          >
            <Text />
          </View>
          <View
            style={
              Array [
                Object {
                  "alignItems": "center",
                  "alignSelf": "center",
                  "height": "100%",
                  "justifyContent": "center",
                  "minWidth": 25,
                  "position": "absolute",
                  "width": "100%",
                },
                Object {
                  "opacity": 1,
                },
              ]
            }
          >
            <Text />
          </View>
        </View>
        <Text
          numberOfLines={1}
          style={
            Array [
              Object {
                "backgroundColor": "transparent",
                "textAlign": "center",
              },
              Object {
                "color": "#FFFFFF",
              },
              Object {
                "fontSize": 10,
              },
              undefined,
            ]
          }
        />
      </View>
      <View
        accessibilityLabel=", tab, 3 of 3"
        accessibilityRole="button"
        accessibilityState={
          Object {
            "selected": false,
          }
        }
        accessibilityStates={Array []}
        accessible={true}
        collapsable={false}
        focusable={true}
        onBlur={[Function]}
        onClick={[Function]}
        onFocus={[Function]}
        onResponderGrant={[Function]}
        onResponderMove={[Function]}
        onResponderRelease={[Function]}
        onResponderTerminate={[Function]}
        onResponderTerminationRequest={[Function]}
        onStartShouldSetResponder={[Function]}
        style={
          Array [
            Object {
              "alignItems": "center",
              "flex": 1,
            },
            Object {
              "backgroundColor": "transparent",
            },
            Object {
              "flexDirection": "column",
              "justifyContent": "flex-end",
            },
            undefined,
          ]
        }
      >
        <View
          style={
            Array [
              Object {
                "flex": 1,
              },
              undefined,
            ]
          }
        >
          <View
            style={
              Array [
                Object {
                  "alignItems": "center",
                  "alignSelf": "center",
                  "height": "100%",
                  "justifyContent": "center",
                  "minWidth": 25,
                  "position": "absolute",
                  "width": "100%",
                },
                Object {
                  "opacity": 0,
                },
              ]
            }
          >
            <Text />
          </View>
          <View
            style={
              Array [
                Object {
                  "alignItems": "center",
                  "alignSelf": "center",
                  "height": "100%",
                  "justifyContent": "center",
                  "minWidth": 25,
                  "position": "absolute",
                  "width": "100%",
                },
                Object {
                  "opacity": 1,
                },
              ]
            }
          >
            <Text />
          </View>
        </View>
        <Text
          numberOfLines={1}
          style={
            Array [
              Object {
                "backgroundColor": "transparent",
                "textAlign": "center",
              },
              Object {
                "color": "#FFFFFF",
              },
              Object {
                "fontSize": 10,
              },
              undefined,
            ]
          }
        />
      </View>
    </View>
  </View>
</RNCSafeAreaProvider>
`;
